i-07f6c1be58da3bda5	e memory at [mem 0xc9000-0xc9037]
[    0.000000] ACPI: Reserving SSDT table memory at [mem 0xc9040-0xc90ba]
[    0.000000] SRAT: PXM 0 -> APIC 0x00 -> Node 0
[    0.000000] SRAT: PXM 0 -> APIC 0x01 -> Node 0
[    0.000000] ACPI: SRAT: Node 0 PXM 0 [mem 0x00000000-0x7fffffff]
[    0.000000] NODE_DATA(0) allocated [mem 0x7d9c7000-0x7d9e8fff]
[    0.000000] kvm-clock: Using msrs 4b564d01 and 4b564d00
[    0.000000] kvm-clock: cpu 0, msr 0:7d947001, primary cpu clock
[    0.000000] kvm-clock: using sched offset of 1904969324 cycles
[    0.000000] clocksource: kvm-clock: mask: 0xffffffffffffffff max_cycles: 0x1cd42e4dffb, max_idle_ns: 881590591483 ns
[    0.000000] Zone ranges:
[    0.000000]   DMA      [mem 0x0000000000001000-0x0000000000ffffff]
[    0.000000]   DMA32    [mem 0x0000000001000000-0x000000007d9e9fff]
[    0.000000]   Normal   empty
[    0.000000] Movable zone start for each node
[    0.000000] Early memory node ranges
[    0.000000]   node   0: [mem 0x0000000000001000-0x000000000009efff]
[    0.000000]   node   0: [mem 0x0000000000100000-0x000000007d9e9fff]
[    0.000000] Initmem setup node 0 [mem 0x0000000000001000-0x000000007d9e9fff]
[    0.000000] ACPI: PM-Timer IO Port: 0xb008
[    0.000000] ACPI: LAPIC_NMI (acpi_id[0xff] dfl dfl lint[0x1])
[    0.000000] IOAPIC[0]: apic_id 0, version 32, address 0xfec00000, GSI 0-23
[    0.000000] ACPI: INT_SRC_OVR (bus 0 bus_irq 5 global_irq 5 high level)
[    0.000000] ACPI: INT_SRC_OVR (bus 0 bus_irq 9 global_irq 9 high level)
[    0.000000] ACPI: INT_SRC_OVR (bus 0 bus_irq 10 global_irq 10 high level)
[    0.000000] ACPI: INT_SRC_OVR (bus 0 bus_irq 11 global_irq 11 high level)
[    0.000000] Using ACPI (MADT) for SMP configuration information
[    0.000000] ACPI: HPET id: 0x8086a201 base: 0xfed00000
[    0.000000] TSC deadline timer available
[    0.000000] smpboot: Allowing 2 CPUs, 0 hotplug CPUs
[    0.000000] PM: Registered nosave memory: [mem 0x00000000-0x00000fff]
[    0.000000] PM: Registered nosave memory: [mem 0x0009f000-0x0009ffff]
[    0.000000] PM: Registered nosave memory: [mem 0x000a0000-0x000effff]
[    0.000000] PM: Registered nosave memory: [mem 0x000f0000-0x000fffff]
[    0.000000] e820: [mem 0x80000000-0xdfffffff] available for PCI devices
[    0.000000] Booting paravirtualized kernel on KVM
[    0.000000] clocksource: refined-jiffies: mask: 0xffffffff max_cycles: 0xffffffff, max_idle_ns: 7645519600211568 ns
[    0.000000] setup_percpu: NR_CPUS:8192 nr_cpumask_bits:2 nr_cpu_ids:2 nr_node_ids:1
[    0.000000] percpu: Embedded 49 pages/cpu s161816 r8192 d30696 u1048576
[    0.000000] KVM setup async PF for cpu 0
[    0.000000] kvm-stealtime: cpu 0, msr 7d61b200
[    0.000000] PV qspinlock hash table entries: 256 (order: 0, 4096 bytes)
[    0.000000] Built 1 zonelists, mobility grouping on.  Total pages: 506379
[    0.000000] Policy zone: DMA32
[    0.000000] Kernel command line: BOOT_IMAGE=/boot/vmlinuz-4.14.355-280.672.amzn2.x86_64 root=UUID=39a62717-8b51-48e0-ba3a-b52c6b5792f9 ro console=tty0 console=ttyS0,115200n8 net.ifnames=0 biosdevname=0 nvme_core.io_timeout=4294967295 rd.emergency=poweroff rd.shell=0
[    0.000000] PID hash table entries: 4096 (order: 3, 32768 bytes)
[    0.000000] Memory: 1971512K/2057760K available (10252K kernel code, 2146K rwdata, 3056K rodata, 2248K init, 16520K bss, 86248K reserved, 0K cma-reserved)
[    0.000000] SLUB: HWalign=64, Order=0-3, MinObjects=0, CPUs=2, Nodes=1
[    0.000000] Kernel/User page tables isolation: enabled
[    0.000000] ftrace: allocating 30430 entries in 119 pages
[    0.004000] Hierarchical RCU implementation.
[    0.004000] 	RCU restricting CPUs from NR_CPUS=8192 to nr_cpu_ids=2.
[    0.004000] RCU: Adjusting geometry for rcu_fanout_leaf=16, nr_cpu_ids=2
[    0.004000] NR_IRQS: 524544, nr_irqs: 440, preallocated irqs: 16
[    0.004000] random: crng init done
[    0.004000] Fallback order for Node 0: 0 
[    0.004000] Console: colour VGA+ 80x25
[    0.004000] console [tty0] enabled
[    0.004000] console [ttyS0] enabled
[    0.004000] clocksource: hpet: mask: 0xffffffff max_cycles: 0xffffffff, max_idle_ns: 30580167144 ns
[    0.004007] tsc: Detected 2500.004 MHz processor
[    0.007919] Calibrating delay loop (skipped) preset value.. 5000.00 BogoMIPS (lpj=10000016)
[    0.008403] Last level iTLB entries: 4KB 64, 2MB 8, 4MB 8
[    0.016004] Last level dTLB entries: 4KB 64, 2MB 0, 4MB 0, 1GB 4
[    0.020005] Spectre V1 : Mitigation: usercopy/swapgs barriers and __user pointer sanitization
[    0.024005] Spectre V2 : Mitigation: Retpolines
[    0.028004] Spectre V2 : Spectre v2 / SpectreRSB mitigation: Filling RSB on context switch
[    0.032004] Spectre V2 : Spectre v2 / SpectreRSB : Filling RSB on VMEXIT
[    0.036004] RETBleed: WARNING: Spectre v2 mitigation leaves CPU vulnerable to RETBleed attacks, data leaks possible!
[    0.040004] RETBleed: Vulnerable
[    0.043386] Speculative Store Bypass: Vulnerable
[    0.044067] MDS: Vulnerable: Clear CPU buffers attempted, no microcode
[    0.048004] MMIO Stale Data: Vulnerable: Clear CPU buffers attempted, no microcode
[    0.052004] GDS: Unknown: Dependent on hypervisor status
[    0.056044] x86/fpu: Supporting XSAVE feature 0x001: 'x87 floating point registers'
[    0.060004] x86/fpu: Supporting XSAVE feature 0x002: 'SSE registers'
[    0.064004] x86/fpu: Supporting XSAVE feature 0x004: 'AVX registers'
[    0.068004] x86/fpu: Supporting XSAVE feature 0x008: 'MPX bounds registers'
[    0.072004] x86/fpu: Supporting XSAVE feature 0x010: 'MPX CSR'
[    0.076004] x86/fpu: Supporting XSAVE feature 0x020: 'AVX-512 opmask'
[    0.080004] x86/fpu: Supporting XSAVE feature 0x040: 'AVX-512 Hi256'
[    0.084004] x86/fpu: Supporting XSAVE feature 0x080: 'AVX-512 ZMM_Hi256'
[    0.088004] x86/fpu: Supporting XSAVE feature 0x200: 'Protection Keys User registers'
[    0.092011] x86/fpu: xstate_offset[2]:  576, xstate_sizes[2]:  256
[    0.096004] x86/fpu: xstate_offset[3]:  832, xstate_sizes[3]:   64
[    0.100004] x86/fpu: xstate_offset[4]:  896, xstate_sizes[4]:   64
[    0.104004] x86/fpu: xstate_offset[5]:  960, xstate_sizes[5]:   64
[    0.108004] x86/fpu: xstate_offset[6]: 1024, xstate_sizes[6]:  512
[    0.112005] x86/fpu: xstate_offset[7]: 1536, xstate_sizes[7]: 1024
[    0.116004] x86/fpu: xstate_offset[9]: 2560, xstate_sizes[9]:    8
[    0.120005] x86/fpu: Enabled xstate features 0x2ff, context size is 2568 bytes, using 'compacted' format.
[    0.124108] Freeing SMP alternatives memory: 28K
[    0.128836] pid_max: default: 32768 minimum: 301
[    0.132018] ACPI: Core revision 20170728
[    0.136582] ACPI: 3 ACPI AML tables successfully acquired and loaded
[    0.140018] Security Framework initialized
[    0.144005] Yama: becoming mindful.
[    0.148007] SELinux:  Initializing.
[    0.152495] Dentry cache hash table entries: 262144 (order: 9, 2097152 bytes)
[    0.156232] Inode-cache hash table entries: 131072 (order: 8, 1048576 bytes)
[    0.160015] Mount-cache hash table entries: 4096 (order: 3, 32768 bytes)
[    0.164011] Mountpoint-cache hash table entries: 4096 (order: 3, 32768 bytes)
[    0.168245] smpboot: Max logical packages: 2
[    0.172446] x2apic enabled
[    0.176005] Switched APIC routing to physical x2apic.
[    0.181853] ..TIMER: vector=0x30 apic1=0 pin1=0 apic2=-1 pin2=-1
[    0.184000] smpboot: CPU0: Intel(R) Xeon(R) Platinum 8259CL CPU @ 2.50GHz (family: 0x6, model: 0x55, stepping: 0x7)
[    0.184083] Performance Events: unsupported p6 CPU model 85 no PMU driver, software events only.
[    0.188055] Hierarchical SRCU implementation.
[    0.192131] NMI watchdog: Perf event create on CPU 0 failed with -2
[    0.196002] NMI watchdog: Perf NMI watchdog permanently disabled
[    0.200053] smp: Bringing up secondary CPUs ...
[    0.204002] x86: Booting SMP configuration:
[    0.207711] .... node  #0, CPUs:      #1
[    0.004000] kvm-clock: cpu 1, msr 0:7d947041, secondary cpu clock
[    0.210750] KVM setup async PF for cpu 1
[    0.212000] kvm-stealtime: cpu 1, msr 7d71b200
[    0.216417] MDS CPU bug present and SMT on, data leak possible. See https://www.kernel.org/doc/html/latest/admin-guide/hw-vuln/mds.html for more details.
[    0.220018] MMIO Stale Data CPU bug present and SMT on, data leak possible. See https://www.kernel.org/doc/html/latest/admin-guide/hw-vuln/processor_mmio_stale_data.html for more details.
[    0.224008] smp: Brought up 1 node, 2 CPUs
[    0.228009] smpboot: Total of 2 processors activated (10000.01 BogoMIPS)
[    0.232698] devtmpfs: initialized
[    0.236052] x86/mm: Memory block size: 128MB
[    0.240073] clocksource: jiffies: mask: 0xffffffff max_cycles: 0xffffffff, max_idle_ns: 7645041785100000 ns
[    0.244021] futex hash table entries: 512 (order: 3, 32768 bytes)
[    0.248178] NET: Registered protocol family 16
[    0.252248] cpuidle: using governor ladder
[    0.255935] cpuidle: using governor menu
[    0.255935] ACPI: bus type PCI registered
[    0.256000] acpiphp: ACPI Hot Plug PCI Controller Driver version: 0.5
[    0.268267] PCI: Using configuration type 1 for base access
[    0.274592] HugeTLB registered 1.00 GiB page size, pre-allocated 0 pages
[    0.280014] HugeTLB registered 2.00 MiB page size, pre-allocated 0 pages
[    0.284092] ACPI: Added _OSI(Module Device)
[    0.288014] ACPI: Added _OSI(Processor Device)
[    0.291833] ACPI: Added _OSI(3.0 _SCP Extensions)
[    0.296046] ACPI: Added _OSI(Processor Aggregator Device)
[    0.301369] ACPI: Interpreter enabled
[    0.304015] ACPI: (supports S0 S4 S5)
[    0.308005] ACPI: Using IOAPIC for interrupt routing
[    0.312026] PCI: Using host bridge windows from ACPI; if necessary, use "pci=nocrs" and report a bug
[    0.320561] ACPI: Enabled 16 GPEs in block 00 to 0F
[    0.328027] ACPI: PCI Root Bridge [PCI0] (domain 0000 [bus 00-ff])
[    0.332010] acpi PNP0A03:00: _OSC: OS supports [ASPM ClockPM Segments MSI]
[    0.336014] acpi PNP0A03:00: _OSC failed (AE_NOT_FOUND); disabling ASPM
[    0.340014] acpi PNP0A03:00: fail to add MMCONFIG information, can't access extended PCI configuration space under this bridge.
[    0.348360] acpiphp: Slot [3] registered
[    0.352011] acpiphp: Slot [4] registered
[    0.356043] acpiphp: Slot [5] registered
[    0.360009] acpiphp: Slot [6] registered
[    0.364041] acpiphp: Slot [7] registered
[    0.368008] acpiphp: Slot [8] registered
[    0.372039] acpiphp: Slot [9] registered
[    0.376010] acpiphp: Slot [10] registered
[    0.380054] acpiphp: Slot [11] registered
[    0.384010] acpiphp: Slot [12] registered
[    0.388041] acpiphp: Slot [13] registered
[    0.392009] acpiphp: Slot [14] registered
[    0.396038] acpiphp: Slot [15] registered
[    0.400000] acpiphp: Slot [16] registered
[    0.400042] acpiphp: Slot [17] registered
[    0.404004] acpiphp: Slot [18] registered
[    0.408039] acpiphp: Slot [19] registered
[    0.412003] acpiphp: Slot [20] registered
[    0.416041] acpiphp: Slot [21] registered
[    0.420003] acpiphp: Slot [22] registered
[    0.424042] acpiphp: Slot [23] registered
[    0.428003] acpiphp: Slot [24] registered
[    0.432040] acpiphp: Slot [25] registered
[    0.436003] acpiphp: Slot [26] registered
[    0.440037] acpiphp: Slot [27] registered
[    0.444004] acpiphp: Slot [28] registered
[    0.448037] acpiphp: Slot [29] registered
[    0.451732] acpiphp: Slot [30] registered
[    0.452035] acpiphp: Slot [31] registered
[    0.456007] PCI host bridge to bus 0000:00
[    0.460005] pci_bus 0000:00: root bus resource [io  0x0000-0x0cf7 window]
[    0.464006] pci_bus 0000:00: root bus resource [io  0x0d00-0xffff window]
[    0.472008] pci_bus 0000:00: root bus resource [mem 0x000a0000-0x000bffff window]
[    0.476004] pci_bus 0000:00: root bus resource [mem 0x80000000-0xfebfffff window]
[    0.484004] pci_bus 0000:00: root bus resource [bus 00-ff]
[    0.492019] pci 0000:00:01.3: quirk: [io  0xb000-0xb03f] claimed by PIIX4 ACPI
[    0.500021] pci 0000:00:01.3: quirk: [io  0xb100-0xb10f] claimed by PIIX4 SMB
[    0.504057] pci 0000:00:01.3: PIIX4 devres E PIO at fff0-ffff
[    0.508017] pci 0000:00:01.3: PIIX4 devres F MMIO at ffc00000-ffffffff
[    0.512018] pci 0000:00:01.3: PIIX4 devres G PIO at fff0-ffff
[    0.516019] pci 0000:00:01.3: PIIX4 devres H MMIO at ffc00000-ffffffff
[    0.520017] pci 0000:00:01.3: PIIX4 devres I PIO at fff0-ffff
[    0.524017] pci 0000:00:01.3: PIIX4 devres J PIO at fff0-ffff
[    0.548014] ACPI: PCI Interrupt Link [LNKA] (IRQs 5 *10 11)
[    0.552093] ACPI: PCI Interrupt Link [LNKB] (IRQs 5 *10 11)
[    0.556088] ACPI: PCI Interrupt Link [LNKC] (IRQs 5 10 *11)
[    0.560092] ACPI: PCI Interrupt Link [LNKD] (IRQs 5 10 *11)
[    0.564048] ACPI: PCI Interrupt Link [LNKS] (IRQs *9)
[    0.568506] pci 0000:00:03.0: vgaarb: setting as boot VGA device
[    0.572000] pci 0000:00:03.0: vgaarb: VGA device added: decodes=io+mem,owns=io+mem,locks=none
[    0.580012] pci 0000:00:03.0: vgaarb: bridge control possible
[    0.584009] vgaarb: loaded
[    0.588074] EDAC MC: Ver: 3.0.0
[    0.592240] PCI: Using ACPI for IRQ routing
[    0.596234] NetLabel: Initializing
[    0.599646] NetLabel:  domain hash size = 128
[    0.604003] NetLabel:  protocols = UNLABELED CIPSOv4 CALIPSO
[    0.608018] NetLabel:  unlabeled traffic allowed by default
[    0.612414] hpet0: at MMIO 0xfed00000, IRQs 2, 8, 0, 0, 0, 0, 0, 0
[    0.616016] hpet0: 8 comparators, 32-bit 62.500000 MHz counter
[    0.624012] clocksource: Switched to clocksource kvm-clock
[    0.638082] VFS: Disk quotas dquot_6.6.0
[    0.641735] VFS: Dquot-cache hash table entries: 512 (order 0, 4096 bytes)
[    0.646654] pnp: PnP ACPI init
[    0.650322] pnp: PnP ACPI: found 5 devices
[    0.660682] clocksource: acpi_pm: mask: 0xffffff max_cycles: 0xffffff, max_idle_ns: 2085701024 ns
[    0.668319] NET: Registered protocol family 2
[    0.672183] IP idents hash table entries: 32768 (order: 6, 262144 bytes)
[    0.677167] TCP established hash table entries: 16384 (order: 5, 131072 bytes)
[    0.683987] TCP bind hash table entries: 16384 (order: 6, 262144 bytes)
[    0.688733] TCP: Hash tables configured (established 16384 bind 16384)
[    0.693453] UDP hash table entries: 1024 (order: 3, 32768 bytes)
[    0.697900] UDP-Lite hash table entries: 1024 (order: 3, 32768 bytes)
[    0.702555] NET: Registered protocol family 1
[    0.706373] pci 0000:00:00.0: Limiting direct PCI/PCI transfers
[    0.710804] pci 0000:00:01.0: Activating ISA DMA hang workarounds
[    0.715360] pci 0000:00:03.0: Video device with shadowed ROM at [mem 0x000c0000-0x000dffff]
[    0.722809] Unpacking initramfs...
[    0.749839] Freeing initrd memory: 11916K
[    0.753565] clocksource: tsc: mask: 0xffffffffffffffff max_cycles: 0x24093d6e846, max_idle_ns: 440795249997 ns
[    0.761799] Scanning for low memory corruption every 60 seconds
[    0.767626] audit: initializing netlink subsys (disabled)
[    0.772313] Initialise system trusted keyrings
[    0.776173] Key type blacklist registered
[    0.779874] workingset: timestamp_bits=36 max_order=19 bucket_order=0
[    0.779966] audit: type=2000 audit(1755978524.093:1): state=initialized audit_enabled=0 res=1
[    0.785658] zbud: loaded
[    0.795877] SGI XFS with ACLs, security attributes, no debug enabled
[    0.935181] Key type asymmetric registered
[    0.938917] Asymmetric key parser 'x509' registered
[    0.942986] Block layer SCSI generic (bsg) driver version 0.4 loaded (major 251)
[    0.949950] io scheduler noop registered (default)
[    0.953973] io scheduler cfq registered
[    0.957852] crc32: CRC_LE_BITS = 64, CRC_BE BITS = 64
[    0.961898] crc32: self tests passed, processed 225944 bytes in 131254 nsec
[    0.966894] crc32c: CRC_LE_BITS = 64
[    0.970460] crc32c: self tests passed, processed 225944 bytes in 65885 nsec
[    0.985330] crc32_combine: 8373 self tests passed
[    0.999173] crc32c_combine: 8373 self tests passed
[    1.003759] Serial: 8250/16550 driver, 4 ports, IRQ sharing disabled
[    1.038418] 00:04: ttyS0 at I/O 0x3f8 (irq = 4, base_baud = 115200) is a 16550A
[    1.052965] nvme nvme0: pci function 0000:00:04.0
[    1.057179] i8042: PNP: PS/2 Controller [PNP0303:KBD,PNP0f13:MOU] at 0x60,0x64 irq 1,12
[    1.057474] ACPI: PCI Interrupt Link [LNKD] enabled at IRQ 11
[    1.065832] i8042: Warning: Keylock active
[    1.074993] serio: i8042 KBD port at 0x60,0x64 irq 1
[    1.079337] serio: i8042 AUX port at 0x60,0x64 irq 12
[    1.083559] rtc_cmos 00:00: RTC can wake from S4
[    1.087957] rtc_cmos 00:00: rtc core: registered rtc_cmos as rtc0
[    1.093158] rtc_cmos 00:00: alarms up to one day, 114 bytes nvram
[    1.097721] hidraw: raw HID events driver (C) Jiri Kosina
[    1.102108] ip_tables: (C) 2000-2006 Netfilter Core Team
[    1.106409] NET: Registered protocol family 10
[    1.111965] Segment Routing with IPv6
[    1.115527] ip6_tables: (C) 2000-2006 Netfilter Core Team
[    1.119775] NET: Registered protocol family 17
[    1.123955] mce: Using 32 MCE banks
[    1.127417] sched_clock: Marking stable (1127382311, 0)->(2055713008, -928330697)
[    1.134763] registered taskstats version 1
[    1.138446] Loading compiled-in X.509 certificates
[    1.144524] Loaded X.509 cert 'Build time autogenerated kernel key: 8fcfa1cf24646c687ed036bff60e33833bf8c501'
[    1.152457] zswap: loaded using pool lzo/zbud
[    1.156303] ima: No TPM chip found, activating TPM-bypass! (rc=-19)
[    1.160850] ima: Allocated hash algorithm: sha1
[    1.164999] rtc_cmos 00:00: setting system clock to 2025-08-23 19:48:44 UTC (1755978524)
[    1.174550] Freeing unused kernel memory: 2248K
[    1.200072] Write protecting the kernel read-only data: 16384k
[    1.205269] Freeing unused kernel memory: 2016K
[    1.211163] Freeing unused kernel memory: 1040K
[    1.247448] systemd[1]: Inserted module 'autofs4'
[    1.255244] systemd[1]: systemd 219 running in system mode. (+PAM +AUDIT +SELINUX +IMA -APPARMOR +SMACK +SYSVINIT +UTMP +LIBCRYPTSETUP +GCRYPT +GNUTLS +ACL +XZ +LZ4 -SECCOMP +BLKID +ELFUTILS +KMOD +IDN)
[    1.268473] systemd[1]: Detected virtualization amazon.
[    1.272612] systemd[1]: Detected architecture x86-64.
[    1.276696] systemd[1]: Running in initial RAM disk.

Welcome to [0;34mAmazon Linux 2 dracut-033-535.amzn2.1.6 (Initramfs)[0m!

[    1.387026] systemd[1]: No hostname configured.
[    1.391150] systemd[1]: Set hostname to <localhost>.
[    1.395474] systemd[1]: Initializing machine ID from VM UUID.
[    1.397143]  nvme0n1: p1 p128
[    1.427905] systemd[1]: Started Dispatch Password Requests to Console Directory Watch.
[[32m  OK  [0m] Started Dispatch Password Requests to Console Directory Watch.
[    1.436466] systemd[1]: Reached target Paths.
[[32m  OK  [0m] Reached target Paths.
[    1.441723] systemd[1]: Created slice Root Slice.
[[32m  OK  [0m] Created slice Root Slice.
[[32m  OK  [0m] Created slice System Slice.
[[32m  OK  [0m] Reached target Slices.
[[32m  OK  [0m] Listening on udev Kernel Socket.
[[32m  OK  [0m] Listening on udev Control Socket.
[[32m  OK  [0m] Reached target Timers.
[[32m  OK  [0m] Listening on Journal Socket.
         Starting Apply Kernel Variables...
         Starting Journal Service...
[[32m  OK  [0m] Reached target Sockets.
         Starting Create list of required st... nodes for the current kernel...
[[32m  OK  [0m] Reached target Local File Systems.
[[32m  OK  [0m] Reached target Swap.
[[32m  OK  [0m] Started Apply Kernel Variables.
[[32m  OK  [0m] Started Create list of required sta...ce nodes for the current kernel.
         Starting Create Static Device Nodes in /dev...
[[32m  OK  [0m] Started Create Static Device Nodes in /dev.
         Starting udev Kernel Device Manager...
[[32m  OK  [0m] Started udev Kernel Device Manager.
         Starting dracut pre-trigger hook...
[[32m  OK  [0m] Started Journal Service.
[[32m  OK  [0m] Started dracut pre-trigger hook.
         Starting udev Coldplug all Devices...
[[32m  OK  [0m] Started udev Coldplug all Devices.
[[32m  OK  [0m] Reached target System Initialization.
[[32m  OK  [0m] Reached target Basic System.
         Starting dracut initqueue hook...
[[32m  OK  [0m] Found device Amazon Elastic Block Store /.
         Starting File System Check on /dev/...7-8b51-48e0-ba3a-b52c6b5792f9...
[[32m  OK  [0m] Started File System Check on /dev/d...717-8b51-48e0-ba3a-b52c6b5792f9.
[[32m  OK  [0m] Started dracut initqueue hook.
         Mounting /sysroot...
[[32m  OK  [0m] Reached target Remote File Systems (Pre).
[[32m  OK  [0m] Reached target Remote File Systems.
[    1.597288] XFS (nvme0n1p1): Mounting V5 Filesystem
[    1.600792] input: AT Translated Set 2 keyboard as /devices/platform/i8042/serio0/input/input0
[    1.929756] XFS (nvme0n1p1): Ending clean mount
[[32m  OK  [0m] Mounted /sysroot.
[[32m  OK  [0m] Reached target Initrd Root File System.
         Starting Reload Configuration from the Real Root...
[[32m  OK  [0m] Started Reload Configuration from the Real Root.
[[32m  OK  [0m] Reached target Initrd File Systems.
[[32m  OK  [0m] Reached target Initrd Default Target.
         Starting dracut pre-pivot and cleanup hook...
[[32m  OK  [0m] Started dracut pre-pivot and cleanup hook.
         Starting Cleaning Up and Shutting Down Daemons...
[[32m  OK  [0m] Stopped target Timers.
[[32m  OK  [0m] Stopped dracut pre-pivot and cleanup hook.
[[32m  OK  [0m] Stopped target Remote File Systems.
[[32m  OK  [0m] Stopped target Remote File Systems (Pre).
[[32m  OK  [0m] Stopped dracut initqueue hook.
[[32m  OK  [0m] Stopped target Initrd Default Target.
[[32m  OK  [0m] Stopped target Basic System.
[[32m  OK  [0m] Stopped target Paths.
[[32m  OK  [0m] Stopped Dispatch Password Requests to Console Directory Watch.
[[32m  OK  [0m] Stopped target Sockets.
[[32m  OK  [0m] Stopped target System Initialization.
[[32m  OK  [0m] Stopped target Local File Systems.
[[32m  OK  [0m] Stopped udev Coldplug all Devices.
[[32m  OK  [0m] Stopped dracut pre-trigger hook.
         Stopping udev Kernel Device Manager...
[[32m  OK  [0m] Stopped Apply Kernel Variables.
[[32m  OK  [0m] Stopped target Slices.
[[32m  OK  [0m] Stopped target Swap.
[[32m  OK  [0m] Started Cleaning Up and Shutting Down Daemons.
[[32m  OK  [0m] Stopped udev Kernel Device Manager.
[[32m  OK  [0m] Stopped Create Static Device Nodes in /dev.
[[32m  OK  [0m] Stopped Create list of required sta...ce nodes for the current kernel.
[[32m  OK  [0m] Closed udev Kernel Socket.
[[32m  OK  [0m] Closed udev Control Socket.
         Starting Cleanup udevd DB...
[[32m  OK  [0m] Started Cleanup udevd DB.
[[32m  OK  [0m] Reached target Switch Root.
         Starting Switch Root...
[    2.129801] systemd-journald[713]: Received SIGTERM from PID 1 (systemd).
[    2.161782] systemd: 20 output lines suppressed due to ratelimiting
[    2.351755] SELinux:  Disabled at runtime.
[    2.416088] audit: type=1404 audit(1755978525.748:2): selinux=0 auid=4294967295 ses=4294967295

Welcome to [0;33mAmazon Linux 2[0m!

[[32m  OK  [0m] Stopped Switch Root.
[[32m  OK  [0m] Stopped Journal Service.
         Starting Journal Service...
[[32m  OK  [0m] Listening on LVM2 metadata daemon socket.
[[32m  OK  [0m] Started Forward Password Requests to Wall Directory Watch.
[[32m  OK  [0m] Listening on udev Kernel Socket.
         Mounting Huge Pages File System...
[[32m  OK  [0m] Created slice system-selinux\x2dpol...grate\x2dlocal\x2dchanges.slice.
[[32m  OK  [0m] Listening on udev Control Socket.
[[32m  OK  [0m] Stopped target Switch Root.
[[32m  OK  [0m] Stopped target Initrd Root File System.
[[32m  OK  [0m] Stopped target Initrd File Systems.
[[32m  OK  [0m] Created slice system-serial\x2dgetty.slice.
[[32m  OK  [0m] Listening on LVM2 poll daemon socket.
[[32m  OK  [0m] Created slice system-getty.slice.
[[32m  OK  [0m] Listening on Device-mapper event daemon FIFOs.
         Starting Monitoring of LVM2 mirrors... dmeventd or progress polling...
         Mounting POSIX Message Queue File System...
[[32m  OK  [0m] Created slice User and Session Slice.
[[32m  OK  [0m] Reached target Slices.
[[32m  OK  [0m] Listening on Delayed Shutdown Socket.
[[32m  OK  [0m] Reached target Swap.
         Starting Read and set NIS domainname from /etc/sysconfig/network...
[[32m  OK  [0m] Set up automount Arbitrary Executab...ats File System Automount Point.
         Starting Create list of required st... nodes for the current kernel...
[[32m  OK  [0m] Listening on /dev/initctl Compatibility Named Pipe.
         Mounting Debug File System...
         Starting Setup Virtual Console...
         Starting Remount Root and Kernel File Systems...
[[32m  OK  [0m] Mounted Debug File System.
[[32m  OK  [0m] Mounted POSIX Message Queue File System.
[[32m  OK  [0m] Mounted Huge Pages File System.
[[32m  OK  [0m] Started Journal Service.
[[32m  OK  [0m] Started Read and set NIS domainname from /etc/sysconfig/network.
[[32m  OK  [0m] Started Create list of required sta...ce nodes for the current kernel.
[[32m  OK  [0m] Started Setup Virtual Console.
[[32m  OK  [0m] Started Remount Root and Kernel File Systems.
         Starting Load Kernel Modules...
         Starting Configure read-only root support...
         Starting Rebuild Hardware Database...
         Starting Create Static Device Nodes in /dev...
         Starting Flush Journal to Persistent Storage...
[[32m  OK  [0m] Started LVM2 metadata daemon.
[[32m  OK  [0m] Started Create Static Device Nodes in /dev.
         Starting udev Kernel Device Manager...
[[32m  OK  [0m] Started Configure read-only root support.
[    2.951589] systemd-journald[1150]: Received request to flush runtime journal from PID 1
         Starting Load/Save Random Seed...
[    2.962033] pps_core: LinuxPPS API ver. 1 registered
[    2.966394] pps_core: Software ver. 5.3.6 - Copyright 2005-2007 Rodolfo Giometti <giometti@linux.it>
[[32m  OK  [0m] Started Load/Save Random Seed.
[    2.986319] PTP clock support registered
[    2.998813] ena 0000:00:05.0: Elastic Network Adapter (ENA) v2.14.1g
[[32m  OK  [0m] Started Flush Journal to Persistent Storage.
[    3.012124] ena 0000:00:05.0: ENA device version: 0.10
[    3.016860] ena 0000:00:05.0: ENA controller version: 0.0.1 implementation version 1
[[32m  OK  [0m] Started udev Kernel Device Manager.
[    3.092058] ena 0000:00:05.0: LLQ is not supported Fallback to host mode policy.
[    3.110569] ena 0000:00:05.0: Elastic Network Adapter (ENA) found at mem febf4000, mac addr 0a:ff:ee:55:55:73
[[32m  OK  [0m] Started Load Kernel Modules.
         Starting Apply Kernel Variables...
[[32m  OK  [0m] Started Apply Kernel Variables.
[[32m  OK  [0m] Created slice system-ec2net\x2difup.slice.
[[32m  OK  [0m] Found device Elastic Network Adapter (ENA).
[[32m  OK  [0m] Started Rebuild Hardware Database.
         Starting udev Coldplug all Devices...
[[32m  OK  [0m] Started udev Coldplug all Devices.
         Starting Show Plymouth Boot Screen...
         Starting udev Wait for Complete Device Initialization...
[    3.315538] input: Power Button as /devices/LNXSYSTM:00/LNXPWRBN:00/input/input3
[    3.323836] ACPI: Power Button [PWRF]
[    3.327482] input: Sleep Button as /devices/LNXSYSTM:00/LNXSLPBN:00/input/input4
[    3.334427] ACPI: Sleep Button [SLPF]
[[32m  OK  [0m] Found device /dev/ttyS0.
[    3.349841] input: ImPS/2 Generic Wheel Mouse as /devices/platform/i8042/serio1/input/input5
[    3.364962] mousedev: PS/2 mouse device common for all mice
%G[[32m  OK  [0m] Started Show Plymouth Boot Screen.
[[32m  OK  [0m] Started Forward Password Requests to Plymouth Directory Watch.
[    3.389187] AVX2 version of gcm_enc/dec engaged.
[    3.393204] AES CTR mode by8 optimization enabled
[    3.415309] alg: No test for pcbc(aes) (pcbc-aes-aesni)
[[32m  OK  [0m] Started udev Wait for Complete Device Initialization.
         Starting Activation of DM RAID sets...
[    3.599829] device-mapper: uevent: version 1.0.3
[    3.603956] device-mapper: ioctl: 4.37.0-ioctl (2017-09-20) initialised: dm-devel@redhat.com
[[32m  OK  [0m] Started Activation of DM RAID sets.
[[32m  OK  [0m] Reached target Local Encrypted Volumes.
[[32m  OK  [0m] Started Monitoring of LVM2 mirrors,...ng dmeventd or progress polling.
[[32m  OK  [0m] Reached target Local File Systems (Pre).
[[32m  OK  [0m] Reached target Local File Systems.
         Starting Preprocess NFS configuration...
         Starting Rebuild Journal Catalog...
         Starting Mark the need to relabel after reboot...
         Starting Commit a transient machine-id on disk...
         Starting Tell Plymouth To Write Out Runtime Data...
         Starting Create Volatile Files and Directories...
[[32m  OK  [0m] Started Preprocess NFS configuration.
[[32m  OK  [0m] Started Mark the need to relabel after reboot.
[[32m  OK  [0m] Started Rebuild Journal Catalog.
         Starting Update is Completed...
[[32m  OK  [0m] Started Create Volatile Files and Directories.
         Mounting RPC Pipe File System...
         Starting Security Auditing Service...
[[32m  OK  [0m] Started Update is Completed.
[    3.751708] RPC: Registered named UNIX socket transport module.
[    3.751709] RPC: Registered udp transport module.
[    3.751710] RPC: Registered tcp transport module.
[    3.751710] RPC: Registered tcp NFSv4.1 backchannel transport module.
[[32m  OK  [0m] Started Commit a transient machine-id on disk.
[[32m  OK  [0m] Mounted RPC Pipe File System.
[[32m  OK  [0m] Reached target rpc_pipefs.target.
[[32m  OK  [0m] Started Tell Plymouth To Write Out Runtime Data.
[[32m  OK  [0m] Started Security Auditing Service.
         Starting Update UTMP about System Boot/Shutdown...
[[32m  OK  [0m] Started Update UTMP about System Boot/Shutdown.
[[32m  OK  [0m] Reached target System Initialization.
[[32m  OK  [0m] Listening on RPCbind Server Activation Socket.
         Starting RPC bind service...
[[32m  OK  [0m] Started Daily Cleanup of Temporary Directories.
[[32m  OK  [0m] Reached target Timers.
[[32m  OK  [0m] Started Flexible branding.
[[32m  OK  [0m] Reached target Paths.
[[32m  OK  [0m] Listening on D-Bus System Message Bus Socket.
[[32m  OK  [0m] Reached target Sockets.
[[32m  OK  [0m] Reached target Basic System.
         Starting Initial cloud-init job (pre-networking)...
[[32m  OK  [0m] Started libstoragemgmt plug-in server daemon.
         Starting NTP client/server...
         Starting ACPI Event Daemon...
         Starting Hardware RNG Entropy Gatherer Wake threshold service...
         Starting Resets System Activity Logs...
         Starting GSSAPI Proxy Daemon...
         Starting Dump dmesg to /var/log/dmesg...
[[32m  OK  [0m] Started irqbalance daemon.
         Starting Login Service...
[[32m  OK  [0m] Started D-Bus System Message Bus.
[[32m  OK  [0m] Started RPC bind service.
[[32m  OK  [0m] Started NTP client/server.
[[32m  OK  [0m] Started ACPI Event Daemon.
[[32m  OK  [0m] Started Hardware RNG Entropy Gatherer Wake threshold service.
[[32m  OK  [0m] Started Resets System Activity Logs.
[[32m  OK  [0m] Started Dump dmesg to /var/log/dmesg.
[[32m  OK  [0m] Started Hardware RNG Entropy Gatherer Daemon.
[[32m  OK  [0m] Started GSSAPI Proxy Daemon.
[[32m  OK  [0m] Started Login Service.
[[32m  OK  [0m] Reached target NFS client services.
[[32m  OK  [0m] Reached target Remote File Systems (Pre).
[[32m  OK  [0m] Reached target Remote File Systems.
[    4.637952] cloud-init[1720]: Cloud-init v. 19.3-46.amzn2.0.6 running 'init-local' at Sat, 23 Aug 2025 19:48:47 +0000. Up 4.61 seconds.
[[32m  OK  [0m] Started Initial cloud-init job (pre-networking).
[[32m  OK  [0m] Reached target Network (Pre).
         Starting LSB: Bring up/down networking...
[    4.958143] ena 0000:00:05.0 eth0: Local page cache is disabled for less than 16 channels
[[32m  OK  [0m] Started LSB: Bring up/down networking.
         Starting Initial cloud-init job (metadata service crawler)...
[[32m  OK  [0m] Reached target Network.
         Starting Postfix Mail Transport Agent...
[    5.607861] cloud-init[2069]: Cloud-init v. 19.3-46.amzn2.0.6 running 'init' at Sat, 23 Aug 2025 19:48:48 +0000. Up 5.56 seconds.
[    5.640125] cloud-init[2069]: ci-info: ++++++++++++++++++++++++++++++++++++++Net device info+++++++++++++++++++++++++++++++++++++++
[    5.640380] cloud-init[2069]: ci-info: +--------+------+-----------------------------+---------------+--------+-------------------+
[    5.640519] cloud-init[2069]: ci-info: | Device |  Up  |           Address           |      Mask     | Scope  |     Hw-Address    |
[    5.640645] cloud-init[2069]: ci-info: +--------+------+-----------------------------+---------------+--------+-------------------+
[    5.640771] cloud-init[2069]: ci-info: |  eth0  | True |          10.0.1.203         | 255.255.255.0 | global | 0a:ff:ee:55:55:73 |
[    5.640896] cloud-init[2069]: ci-info: |  eth0  | True | fe80::8ff:eeff:fe55:5573/64 |       .       |  link  | 0a:ff:ee:55:55:73 |
[    5.641026] cloud-init[2069]: ci-info: |   lo   | True |          127.0.0.1          |   255.0.0.0   |  host  |         .         |
[    5.641151] cloud-init[2069]: ci-info: |   lo   | True |           ::1/128           |       .       |  host  |         .         |
[    5.641270] cloud-init[2069]: ci-info: +--------+------+-----------------------------+---------------+--------+-------------------+
[    5.666505] cloud-init[2069]: ci-info: ++++++++++++++++++++++++++++++Route IPv4 info+++++++++++++++++++++++++++++++
[    5.666810] cloud-init[2069]: ci-info: +-------+-----------------+----------+-----------------+-----------+-------+
[    5.669224] cloud-init[2069]: ci-info: | Route |   Destination   | Gateway  |     Genmask     | Interface | Flags |
[    5.669486] cloud-init[2069]: ci-info: +-------+-----------------+----------+-----------------+-----------+-------+
[    5.675534] cloud-init[2069]: ci-info: |   0   |     0.0.0.0     | 10.0.1.1 |     0.0.0.0     |    eth0   |   UG  |
[    5.675824] cloud-init[2069]: ci-info: |   1   |     10.0.1.0    | 0.0.0.0  |  255.255.255.0  |    eth0   |   U   |
[    5.678225] cloud-init[2069]: ci-info: |   2   | 169.254.169.254 | 0.0.0.0  | 255.255.255.255 |    eth0   |   UH  |
[    5.678520] cloud-init[2069]: ci-info: +-------+-----------------+----------+-----------------+-----------+-------+
[    5.686828] cloud-init[2069]: ci-info: +++++++++++++++++++Route IPv6 info+++++++++++++++++++
[    5.687018] cloud-init[2069]: ci-info: +-------+-------------+---------+-----------+-------+
[    5.687272] cloud-init[2069]: ci-info: | Route | Destination | Gateway | Interface | Flags |
[    5.692978] cloud-init[2069]: ci-info: +-------+-------------+---------+-----------+-------+
[    5.694311] cloud-init[2069]: ci-info: |   9   |  fe80::/64  |    ::   |    eth0   |   U   |
[    5.702320] cloud-init[2069]: ci-info: |   11  |    local    |    ::   |    eth0   |   U   |
[    5.705841] cloud-init[2069]: ci-info: |   12  |   ff00::/8  |    ::   |    eth0   |   U   |
[    5.706156] cloud-init[2069]: ci-info: +-------+-------------+---------+-----------+-------+
[[32m  OK  [0m] Started Postfix Mail Transport Agent.
         Starting Hostname Service...
[[32m  OK  [0m] Started Hostname Service.
[[32m  OK  [0m] Started Initial cloud-init job (metadata service crawler).
         Starting OpenSSH Server Key Generation...
         Starting Permit User Sessions...
[[32m  OK  [0m] Reached target Cloud-config availability.
[[32m  OK  [0m] Reached target Network is Online.
         Starting Dynamically Generate Message Of The Day...
         Starting Finds and configures elastic network interfaces...
[[32m  OK  [0m] Started amazon-ssm-agent.
         Starting Notify NFS peers of a restart...
         Starting System Logging Service...
         Starting Apply the settings specified in cloud-config...
[[32m  OK  [0m] Started System Logging Service.
[[32m  OK  [0m] Started Permit User Sessions.
[[32m  OK  [0m] Started Finds and configures elastic network interfaces.
[[32m  OK  [0m] Started Notify NFS peers of a restart.
[[32m  OK  [0m] Started Job spooling tools.
         Starting Wait for Plymouth Boot Screen to Quit...
[[32m  OK  [0m] Started Command Scheduler.
         Starting Terminate Plymouth Boot Screen...
[[32m  OK  [0m] Started OpenSSH Server Key Generation.
         Starting OpenSSH server daemon...
[[32m  OK  [0m] Started OpenSSH server daemon.
[    7.153930] cloud-init[2271]: Cloud-init v. 19.3-46.amzn2.0.6 running 'modules:config' at Sat, 23 Aug 2025 19:48:50 +0000. Up 7.00 seconds.
[    8.062819] cloud-init[2271]: Loaded plugins: extras_suggestions, langpacks, priorities, update-motd

Amazon Linux 2
Kernel 4.14.355-280.672.amzn2.x86_64 on an x86_64

ip-10-0-1-203 login: [   13.885330] cloud-init[2271]: No packages needed for security; 0 packages available
[   13.887238] cloud-init[2271]: No packages marked for update
[   14.351878] cloud-init[2341]: Cloud-init v. 19.3-46.amzn2.0.6 running 'modules:final' at Sat, 23 Aug 2025 19:48:57 +0000. Up 14.29 seconds.
[   14.890043] cloud-init[2341]: Loaded plugins: extras_suggestions, langpacks, priorities, update-motd
[   14.908209] cloud-init[2341]: Existing lock /var/run/yum.pid: another copy is running as pid 2329.
[   14.908864] cloud-init[2341]: Another app is currently holding the yum lock; waiting for it to exit...
[   14.909886] cloud-init[2341]: The other application is: yum
[   14.910438] cloud-init[2341]: Memory :  67 M RSS (287 MB VSZ)
[   14.910958] cloud-init[2341]: Started: Sat Aug 23 19:48:50 2025 - 00:08 ago
[   14.911370] cloud-init[2341]: State  : Running, pid: 2329
[   16.915160] cloud-init[2341]: Another app is currently holding the yum lock; waiting for it to exit...
[   16.915452] cloud-init[2341]: The other application is: yum
[   16.915670] cloud-init[2341]: Memory : 204 M RSS (425 MB VSZ)
[   16.915933] cloud-init[2341]: Started: Sat Aug 23 19:48:50 2025 - 00:10 ago
[   16.916212] cloud-init[2341]: State  : Running, pid: 2329
[   18.917715] cloud-init[2341]: Another app is currently holding the yum lock; waiting for it to exit...
[   18.918479] cloud-init[2341]: The other application is: yum
[   18.918627] cloud-init[2341]: Memory : 224 M RSS (445 MB VSZ)
[   18.919280] cloud-init[2341]: Started: Sat Aug 23 19:48:50 2025 - 00:12 ago
[   18.919783] cloud-init[2341]: State  : Running, pid: 2329
[   20.920732] cloud-init[2341]: Another app is currently holding the yum lock; waiting for it to exit...
[   20.920997] cloud-init[2341]: The other application is: yum
[   20.921218] cloud-init[2341]: Memory : 226 M RSS (447 MB VSZ)
[   20.921422] cloud-init[2341]: Started: Sat Aug 23 19:48:50 2025 - 00:14 ago
[   20.921652] cloud-init[2341]: State  : Running, pid: 2329
[   23.479642] cloud-init[2341]: No packages marked for update
[   23.575520] cloud-init[2341]: [38;5;79m2025-08-23 19:49:06 - Cleaning up old repositories...[0m
[   23.579415] cloud-init[2341]: [38;5;79m2025-08-23 19:49:06 - Old repositories removed[0m
[   23.582766] cloud-init[2341]: [38;5;79m2025-08-23 19:49:06 - Supported architecture: x86_64[0m
[   23.588715] cloud-init[2341]: [38;5;79m2025-08-23 19:49:06 - Added N|Solid repository for LTS version: 18.x[0m
[   23.593398] cloud-init[2341]: [38;5;79m2025-08-23 19:49:06 - yum available, updating...[0m
[   23.967388] cloud-init[2341]: Loaded plugins: extras_suggestions, langpacks, priorities, update-motd
[   25.080413] cloud-init[2341]: Metadata Cache Created
[   25.471157] cloud-init[2341]: Loaded plugins: extras_suggestions, langpacks, priorities, update-motd
[   25.814308] cloud-init[2341]: Metadata Cache Created
[   25.832798] cloud-init[2341]: [38;5;79m2025-08-23 19:49:09 - Repository is configured and updated.[0m
[   25.834058] cloud-init[2341]: [38;5;79m2025-08-23 19:49:09 - You can use N|solid Runtime as a node.js alternative[0m
[   25.835495] cloud-init[2341]: [1;32m2025-08-23 19:49:09 - Run 'yum install nsolid -y' to complete the installation.[0m
[   25.836674] cloud-init[2341]: [38;5;79m2025-08-23 19:49:09 - Run 'yum install nodejs -y' to complete the installation.[0m
[   26.211580] cloud-init[2341]: Loaded plugins: extras_suggestions, langpacks, priorities, update-motd
[   28.365024] cloud-init[2341]: Resolving Dependencies
[   28.366211] cloud-init[2341]: --> Running transaction check
[   28.367334] cloud-init[2341]: ---> Package git.x86_64 0:2.47.3-1.amzn2.0.1 will be installed
[   28.380589] cloud-init[2341]: --> Processing Dependency: git-core = 2.47.3-1.amzn2.0.1 for package: git-2.47.3-1.amzn2.0.1.x86_64
[   28.446307] cloud-init[2341]: --> Processing Dependency: git-core-doc = 2.47.3-1.amzn2.0.1 for package: git-2.47.3-1.amzn2.0.1.x86_64
[   28.449908] cloud-init[2341]: --> Processing Dependency: perl-Git = 2.47.3-1.amzn2.0.1 for package: git-2.47.3-1.amzn2.0.1.x86_64
[   28.454439] cloud-init[2341]: --> Processing Dependency: perl(Git) for package: git-2.47.3-1.amzn2.0.1.x86_64
[   28.454690] cloud-init[2341]: --> Processing Dependency: perl(Term::ReadKey) for package: git-2.47.3-1.amzn2.0.1.x86_64
[   28.460036] cloud-init[2341]: ---> Package nodejs.x86_64 2:18.20.8-1nodesource will be installed
[   28.470259] cloud-init[2341]: --> Processing Dependency: glibc >= 2.28 for package: 2:nodejs-18.20.8-1nodesource.x86_64
[   28.604325] cloud-init[2341]: --> Processing Dependency: libm.so.6(GLIBC_2.27)(64bit) for package: 2:nodejs-18.20.8-1nodesource.x86_64
[   28.608028] cloud-init[2341]: --> Processing Dependency: libc.so.6(GLIBC_2.28)(64bit) for package: 2:nodejs-18.20.8-1nodesource.x86_64
[   28.611536] cloud-init[2341]: --> Running transaction check
[   28.611882] cloud-init[2341]: ---> Package git-core.x86_64 0:2.47.3-1.amzn2.0.1 will be installed
[   28.619051] cloud-init[2341]: ---> Package git-core-doc.noarch 0:2.47.3-1.amzn2.0.1 will be installed
[   28.619641] cloud-init[2341]: ---> Package nodejs.x86_64 2:18.20.8-1nodesource will be installed
[   28.624264] cloud-init[2341]: --> Processing Dependency: glibc >= 2.28 for package: 2:nodejs-18.20.8-1nodesource.x86_64
[   28.637452] cloud-init[2341]: --> Processing Dependency: libm.so.6(GLIBC_2.27)(64bit) for package: 2:nodejs-18.20.8-1nodesource.x86_64
[   28.640710] cloud-init[2341]: --> Processing Dependency: libc.so.6(GLIBC_2.28)(64bit) for package: 2:nodejs-18.20.8-1nodesource.x86_64
[   28.643742] cloud-init[2341]: ---> Package perl-Git.noarch 0:2.47.3-1.amzn2.0.1 will be installed
[   28.647920] cloud-init[2341]: --> Processing Dependency: perl(Error) for package: perl-Git-2.47.3-1.amzn2.0.1.noarch
[   28.650741] cloud-init[2341]: ---> Package perl-TermReadKey.x86_64 0:2.30-20.amzn2.0.2 will be installed
[   28.653946] cloud-init[2341]: --> Running transaction check
[   28.654236] cloud-init[2341]: ---> Package nodejs.x86_64 2:18.20.8-1nodesource will be installed
[   28.657715] cloud-init[2341]: --> Processing Dependency: glibc >= 2.28 for package: 2:nodejs-18.20.8-1nodesource.x86_64
[   28.671879] cloud-init[2341]: --> Processing Dependency: libm.so.6(GLIBC_2.27)(64bit) for package: 2:nodejs-18.20.8-1nodesource.x86_64
[   28.674376] cloud-init[2341]: --> Processing Dependency: libc.so.6(GLIBC_2.28)(64bit) for package: 2:nodejs-18.20.8-1nodesource.x86_64
[   28.676842] cloud-init[2341]: ---> Package perl-Error.noarch 1:0.17020-2.amzn2 will be installed
[   28.955001] cloud-init[2341]: --> Finished Dependency Resolution
[   28.959813] cloud-init[2341]: Error: Package: 2:nodejs-18.20.8-1nodesource.x86_64 (nodesource-nodejs)
[   28.961675] cloud-init[2341]: Requires: libm.so.6(GLIBC_2.27)(64bit)
[   28.963043] cloud-init[2341]: Error: Package: 2:nodejs-18.20.8-1nodesource.x86_64 (nodesource-nodejs)
[   28.964824] cloud-init[2341]: Requires: libc.so.6(GLIBC_2.28)(64bit)
[   28.966072] cloud-init[2341]: Error: Package: 2:nodejs-18.20.8-1nodesource.x86_64 (nodesource-nodejs)
[   28.967805] cloud-init[2341]: Requires: glibc >= 2.28
[   28.968837] cloud-init[2341]: Installed: glibc-2.26-64.amzn2.0.4.x86_64 (installed)
[   28.970271] cloud-init[2341]: glibc = 2.26-64.amzn2.0.4
[   28.971636] cloud-init[2341]: Available: glibc-2.25-10.amzn2.0.1.x86_64 (amzn2-core)
[   28.973099] cloud-init[2341]: glibc = 2.25-10.amzn2.0.1
[   28.974143] cloud-init[2341]: Available: glibc-2.26-27.amzn2.0.4.x86_64 (amzn2-core)
[   28.975602] cloud-init[2341]: glibc = 2.26-27.amzn2.0.4
[   28.976649] cloud-init[2341]: Available: glibc-2.26-27.amzn2.0.5.i686 (amzn2-core)
[   28.978111] cloud-init[2341]: glibc = 2.26-27.amzn2.0.5
[   28.982811] cloud-init[2341]: Available: glibc-2.26-28.amzn2.0.1.i686 (amzn2-core)
[   28.984474] cloud-init[2341]: glibc = 2.26-28.amzn2.0.1
[   28.985665] cloud-init[2341]: Available: glibc-2.26-30.amzn2.0.1.i686 (amzn2-core)
[   28.987308] cloud-init[2341]: glibc = 2.26-30.amzn2.0.1
[   28.988852] cloud-init[2341]: Available: glibc-2.26-32.amzn2.0.1.i686 (amzn2-core)
[   28.990465] cloud-init[2341]: glibc = 2.26-32.amzn2.0.1
[   28.991673] cloud-init[2341]: Available: glibc-2.26-32.amzn2.0.2.i686 (amzn2-core)
[   28.993288] cloud-init[2341]: glibc = 2.26-32.amzn2.0.2
[   28.994496] cloud-init[2341]: Available: glibc-2.26-34.amzn2.i686 (amzn2-core)
[   28.996167] cloud-init[2341]: glibc = 2.26-34.amzn2
[   28.997315] cloud-init[2341]: Available: glibc-2.26-35.amzn2.i686 (amzn2-core)
[   28.998885] cloud-init[2341]: glibc = 2.26-35.amzn2
[   29.000032] cloud-init[2341]: Available: glibc-2.26-36.amzn2.i686 (amzn2-core)
[   29.001609] cloud-init[2341]: glibc = 2.26-36.amzn2
[   29.002746] cloud-init[2341]: Available: glibc-2.26-37.amzn2.i686 (amzn2-core)
[   29.004321] cloud-init[2341]: glibc = 2.26-37.amzn2
[   29.005463] cloud-init[2341]: Available: glibc-2.26-38.amzn2.i686 (amzn2-core)
[   29.007049] cloud-init[2341]: glibc = 2.26-38.amzn2
[   29.008260] cloud-init[2341]: Available: glibc-2.26-39.amzn2.i686 (amzn2-core)
[   29.009859] cloud-init[2341]: glibc = 2.26-39.amzn2
[   29.010966] cloud-init[2341]: Available: glibc-2.26-41.amzn2.i686 (amzn2-core)
[   29.012472] cloud-init[2341]: glibc = 2.26-41.amzn2
[   29.013561] cloud-init[2341]: Available: glibc-2.26-42.amzn2.i686 (amzn2-core)
[   29.015059] cloud-init[2341]: glibc = 2.26-42.amzn2
[   29.016186] cloud-init[2341]: Available: glibc-2.26-43.amzn2.i686 (amzn2-core)
[   29.017696] cloud-init[2341]: glibc = 2.26-43.amzn2
[   29.018866] cloud-init[2341]: Available: glibc-2.26-44.amzn2.i686 (amzn2-core)
[   29.020433] cloud-init[2341]: glibc = 2.26-44.amzn2
[   29.021517] cloud-init[2341]: Available: glibc-2.26-45.amzn2.i686 (amzn2-core)
[   29.023082] cloud-init[2341]: glibc = 2.26-45.amzn2
[   29.024225] cloud-init[2341]: Available: glibc-2.26-47.amzn2.i686 (amzn2-core)
[   29.025833] cloud-init[2341]: glibc = 2.26-47.amzn2
[   29.027012] cloud-init[2341]: Available: glibc-2.26-48.amzn2.i686 (amzn2-core)
[   29.027286] cloud-init[2341]: glibc = 2.26-48.amzn2
[   29.029679] cloud-init[2341]: Available: glibc-2.26-53.amzn2.i686 (amzn2-core)
[   29.031315] cloud-init[2341]: glibc = 2.26-53.amzn2
[   29.032503] cloud-init[2341]: Available: glibc-2.26-54.amzn2.i686 (amzn2-core)
[   29.034417] cloud-init[2341]: glibc = 2.26-54.amzn2
[   29.035575] cloud-init[2341]: Available: glibc-2.26-55.amzn2.i686 (amzn2-core)
[   29.037324] cloud-init[2341]: glibc = 2.26-55.amzn2
[   29.038499] cloud-init[2341]: Available: glibc-2.26-56.amzn2.i686 (amzn2-core)
[   29.040069] cloud-init[2341]: glibc = 2.26-56.amzn2
[   29.041217] cloud-init[2341]: Available: glibc-2.26-57.amzn2.i686 (amzn2-core)
[   29.042780] cloud-init[2341]: glibc = 2.26-57.amzn2
[   29.043916] cloud-init[2341]: Available: glibc-2.26-58.amzn2.i686 (amzn2-core)
[   29.045473] cloud-init[2341]: glibc = 2.26-58.amzn2
[   29.046601] cloud-init[2341]: Available: glibc-2.26-59.amzn2.i686 (amzn2-core)
[   29.048192] cloud-init[2341]: glibc = 2.26-59.amzn2
[   29.049378] cloud-init[2341]: Available: glibc-2.26-60.amzn2.i686 (amzn2-core)
[   29.051088] cloud-init[2341]: glibc = 2.26-60.amzn2
[   29.052353] cloud-init[2341]: Available: glibc-2.26-61.amzn2.i686 (amzn2-core)
[   29.054230] cloud-init[2341]: glibc = 2.26-61.amzn2
[   29.055365] cloud-init[2341]: Available: glibc-2.26-62.amzn2.i686 (amzn2-core)
[   29.056891] cloud-init[2341]: glibc = 2.26-62.amzn2
[   29.058059] cloud-init[2341]: Available: glibc-2.26-63.amzn2.i686 (amzn2-core)
[   29.059602] cloud-init[2341]: glibc = 2.26-63.amzn2
[   29.060782] cloud-init[2341]: Available: glibc-2.26-63.amzn2.0.1.i686 (amzn2-core)
[   29.062389] cloud-init[2341]: glibc = 2.26-63.amzn2.0.1
[   29.063565] cloud-init[2341]: Available: glibc-2.26-64.amzn2.0.1.i686 (amzn2-core)
[   29.065237] cloud-init[2341]: glibc = 2.26-64.amzn2.0.1
[   29.066372] cloud-init[2341]: Available: glibc-2.26-64.amzn2.0.2.i686 (amzn2-core)
[   29.067937] cloud-init[2341]: glibc = 2.26-64.amzn2.0.2
[   29.069114] cloud-init[2341]: Available: glibc-2.26-64.amzn2.0.3.i686 (amzn2-core)
[   29.070643] cloud-init[2341]: glibc = 2.26-64.amzn2.0.3
[   29.071799] cloud-init[2341]: You could try using --skip-broken to work around the problem
[   29.164108] cloud-init[2341]: You could try running: rpm -Va --nofiles --nodigest
[   29.345214] cloud-init[2341]: /var/lib/cloud/instance/scripts/part-001: line 12: npm: command not found
[   29.348392] cloud-init[2341]: /var/lib/cloud/instance/scripts/part-001: line 19: git: command not found
[   29.350541] cloud-init[2341]: /var/lib/cloud/instance/scripts/part-001: line 20: git: command not found
[   29.352381] cloud-init[2341]: /var/lib/cloud/instance/scripts/part-001: line 23: cd: tpe-backend: No such file or directory
[   29.354552] cloud-init[2341]: /var/lib/cloud/instance/scripts/part-001: line 24: npm: command not found
[   29.356458] cloud-init[2341]: /var/lib/cloud/instance/scripts/part-001: line 37: pm2: command not found
[   29.358306] cloud-init[2341]: /var/lib/cloud/instance/scripts/part-001: line 40: cd: ../tpe-front-end: No such file or directory
[   29.360565] cloud-init[2341]: /var/lib/cloud/instance/scripts/part-001: line 41: npm: command not found
[   29.362454] cloud-init[2341]: /var/lib/cloud/instance/scripts/part-001: line 51: npm: command not found
[   29.362640] cloud-init[2341]: /var/lib/cloud/instance/scripts/part-001: line 54: pm2: command not found
[   29.362789] cloud-init[2341]: /var/lib/cloud/instance/scripts/part-001: line 57: pm2: command not found
[   29.362933] cloud-init[2341]: /var/lib/cloud/instance/scripts/part-001: line 58: pm2: command not found
[   31.283943] cloud-init[2341]: Loaded plugins: extras_suggestions, langpacks, priorities, update-motd
[   31.299027] cloud-init[2341]: Cleaning repos: amzn2-core amzn2extra-docker amzn2extra-nginx1 nodesource-nodejs
[   31.301290] cloud-init[2341]: : nodesource-nsolid
[   31.350917] cloud-init[2341]: 16 metadata files removed
[   31.351207] cloud-init[2341]: 16 sqlite files removed
[   31.351391] cloud-init[2341]: 0 metadata files removed
[   31.737286] cloud-init[2341]: Loaded plugins: extras_suggestions, langpacks, priorities, update-motd
[   37.303008] cloud-init[2341]: Resolving Dependencies
[   37.304547] cloud-init[2341]: --> Running transaction check
[   37.304796] cloud-init[2341]: ---> Package nginx.x86_64 1:1.28.0-1.amzn2.0.2 will be installed
[   37.310490] cloud-init[2341]: --> Processing Dependency: nginx-core = 1:1.28.0-1.amzn2.0.2 for package: 1:nginx-1.28.0-1.amzn2.0.2.x86_64
[   37.376358] cloud-init[2341]: --> Processing Dependency: nginx-filesystem = 1:1.28.0-1.amzn2.0.2 for package: 1:nginx-1.28.0-1.amzn2.0.2.x86_64
[   37.379983] cloud-init[2341]: --> Processing Dependency: system-logos-httpd for package: 1:nginx-1.28.0-1.amzn2.0.2.x86_64
[   37.383263] cloud-init[2341]: --> Running transaction check
[   37.383520] cloud-init[2341]: ---> Package generic-logos-httpd.noarch 0:18.0.0-4.amzn2 will be installed
[   37.385994] cloud-init[2341]: ---> Package nginx-core.x86_64 1:1.28.0-1.amzn2.0.2 will be installed
[   37.391454] cloud-init[2341]: --> Processing Dependency: openssl11-libs >= 1.1.1 for package: 1:nginx-core-1.28.0-1.amzn2.0.2.x86_64
[   37.460027] cloud-init[2341]: --> Processing Dependency: libcrypto.so.1.1(OPENSSL_1_1_0)(64bit) for package: 1:nginx-core-1.28.0-1.amzn2.0.2.x86_64
[   37.460493] cloud-init[2341]: --> Processing Dependency: libssl.so.1.1(OPENSSL_1_1_0)(64bit) for package: 1:nginx-core-1.28.0-1.amzn2.0.2.x86_64
[   37.464628] cloud-init[2341]: --> Processing Dependency: libssl.so.1.1(OPENSSL_1_1_1)(64bit) for package: 1:nginx-core-1.28.0-1.amzn2.0.2.x86_64
[   37.466921] cloud-init[2341]: --> Processing Dependency: libcrypto.so.1.1()(64bit) for package: 1:nginx-core-1.28.0-1.amzn2.0.2.x86_64
[   37.469127] cloud-init[2341]: --> Processing Dependency: libprofiler.so.0()(64bit) for package: 1:nginx-core-1.28.0-1.amzn2.0.2.x86_64
[   37.474697] cloud-init[2341]: --> Processing Dependency: libssl.so.1.1()(64bit) for package: 1:nginx-core-1.28.0-1.amzn2.0.2.x86_64
[   37.478435] cloud-init[2341]: ---> Package nginx-filesystem.noarch 1:1.28.0-1.amzn2.0.2 will be installed
[   37.481065] cloud-init[2341]: --> Running transaction check
[   37.481482] cloud-init[2341]: ---> Package gperftools-libs.x86_64 0:2.6.1-1.amzn2 will be installed
[   37.487588] cloud-init[2341]: ---> Package openssl11-libs.x86_64 1:1.1.1zb-1.amzn2.0.1 will be installed
[   37.490079] cloud-init[2341]: --> Processing Dependency: openssl11-pkcs11 for package: 1:openssl11-libs-1.1.1zb-1.amzn2.0.1.x86_64
[   37.495408] cloud-init[2341]: --> Running transaction check
[   37.495840] cloud-init[2341]: ---> Package openssl11-pkcs11.x86_64 0:0.4.10-6.amzn2.0.1 will be installed
[   37.658788] cloud-init[2341]: --> Finished Dependency Resolution
[   37.738696] cloud-init[2341]: Dependencies Resolved
[   37.747881] cloud-init[2341]: ================================================================================
[   37.748338] cloud-init[2341]: Package              Arch    Version                  Repository          Size
[   37.748655] cloud-init[2341]: ================================================================================
[   37.748857] cloud-init[2341]: Installing:
[   37.749110] cloud-init[2341]: nginx                x86_64  1:1.28.0-1.amzn2.0.2     amzn2extra-nginx1   51 k
[   37.749328] cloud-init[2341]: Installing for dependencies:
[   37.749564] cloud-init[2341]: generic-logos-httpd  noarch  18.0.0-4.amzn2           amzn2-core          19 k
[   37.749795] cloud-init[2341]: gperftools-libs      x86_64  2.6.1-1.amzn2            amzn2-core         274 k
[   37.750033] cloud-init[2341]: nginx-core           x86_64  1:1.28.0-1.amzn2.0.2     amzn2extra-nginx1  657 k
[   37.750436] cloud-init[2341]: nginx-filesystem     noarch  1:1.28.0-1.amzn2.0.2     amzn2extra-nginx1   25 k
[   37.750765] cloud-init[2341]: openssl11-libs       x86_64  1:1.1.1zb-1.amzn2.0.1    amzn2-core         1.4 M
[   37.750957] cloud-init[2341]: openssl11-pkcs11     x86_64  0.4.10-6.amzn2.0.1       amzn2-core          61 k
[   37.751183] cloud-init[2341]: Transaction Summary
[   37.751406] cloud-init[2341]: ================================================================================
[   37.751627] cloud-init[2341]: Install  1 Package (+6 Dependent packages)
[   37.776104] cloud-init[2341]: Total download size: 2.5 M
[   37.776467] cloud-init[2341]: Installed size: 6.9 M
[   37.776810] cloud-init[2341]: Downloading packages:
[   38.170486] cloud-init[2341]: --------------------------------------------------------------------------------
[   38.172363] cloud-init[2341]: Total                                               11 MB/s | 2.5 MB  00:00
[   38.184428] cloud-init[2341]: Running transaction check
[   38.195125] cloud-init[2341]: Running transaction test
[   38.267940] cloud-init[2341]: Transaction test succeeded
[   38.269031] cloud-init[2341]: Running transaction
[   38.869390] cloud-init[2341]: Installing : 1:nginx-filesystem-1.28.0-1.amzn2.0.2.noarch                 1/7
[   39.095429] cloud-init[2341]: Installing : 1:openssl11-libs-1.1.1zb-1.amzn2.0.1.x86_64                  2/7
[   39.129957] cloud-init[2341]: Installing : openssl11-pkcs11-0.4.10-6.amzn2.0.1.x86_64                   3/7
[   39.190192] cloud-init[2341]: Installing : generic-logos-httpd-18.0.0-4.amzn2.noarch                    4/7
[   39.291062] cloud-init[2341]: Installing : gperftools-libs-2.6.1-1.amzn2.x86_64                         5/7
[   39.322992] cloud-init[2341]: Installing : 1:nginx-core-1.28.0-1.amzn2.0.2.x86_64                       6/7
[   39.439830] cloud-init[2341]: Installing : 1:nginx-1.28.0-1.amzn2.0.2.x86_64                            7/7
[   39.456111] cloud-init[2341]: Verifying  : gperftools-libs-2.6.1-1.amzn2.x86_64                         1/7
[   39.468050] cloud-init[2341]: Verifying  : openssl11-pkcs11-0.4.10-6.amzn2.0.1.x86_64                   2/7
[   39.482838] cloud-init[2341]: Verifying  : 1:openssl11-libs-1.1.1zb-1.amzn2.0.1.x86_64                  3/7
[   39.492915] cloud-init[2341]: Verifying  : 1:nginx-core-1.28.0-1.amzn2.0.2.x86_64                       4/7
[   39.504810] cloud-init[2341]: Verifying  : 1:nginx-1.28.0-1.amzn2.0.2.x86_64                            5/7
[   39.515791] cloud-init[2341]: Verifying  : generic-logos-httpd-18.0.0-4.amzn2.noarch                    6/7
[   39.598579] cloud-init[2341]: Verifying  : 1:nginx-filesystem-1.28.0-1.amzn2.0.2.noarch                 7/7
[   39.598872] cloud-init[2341]: Installed:
[   39.599040] cloud-init[2341]: nginx.x86_64 1:1.28.0-1.amzn2.0.2
[   39.599271] cloud-init[2341]: Dependency Installed:
[   39.599492] cloud-init[2341]: generic-logos-httpd.noarch 0:18.0.0-4.amzn2
[   39.599717] cloud-init[2341]: gperftools-libs.x86_64 0:2.6.1-1.amzn2
[   39.599942] cloud-init[2341]: nginx-core.x86_64 1:1.28.0-1.amzn2.0.2
[   39.600402] cloud-init[2341]: nginx-filesystem.noarch 1:1.28.0-1.amzn2.0.2
[   39.600620] cloud-init[2341]: openssl11-libs.x86_64 1:1.1.1zb-1.amzn2.0.1
[   39.600850] cloud-init[2341]: openssl11-pkcs11.x86_64 0:0.4.10-6.amzn2.0.1
[   39.602107] cloud-init[2341]: Complete!
[   42.346289] cloud-init[2341]: Installing nginx
[   42.347418] cloud-init[2341]: 2  httpd_modules            available    [ =1.0  =stable ]
[   42.349068] cloud-init[2341]: 3  memcached1.5             available    \
[   42.350480] cloud-init[2341]: [ =1.5.1  =1.5.16  =1.5.17 ]
[   42.351621] cloud-init[2341]: 9  R3.4                     available    [ =3.4.3  =stable ]
[   42.360276] cloud-init[2341]: 18  libreoffice              available    \
[   42.361693] cloud-init[2341]: [ =5.0.6.2_15  =5.3.6.1  =stable ]
[   42.362931] cloud-init[2341]: 19  gimp                     available    [ =2.8.22 ]
[   42.364470] cloud-init[2341]: 20  docker=latest            enabled      \
[   42.365889] cloud-init[2341]: [ =17.12.1  =18.03.1  =18.06.1  =18.09.9  =stable ]
[   42.367411] cloud-init[2341]: 21  mate-desktop1.x          available    \
[   42.374619] cloud-init[2341]: [ =1.19.0  =1.20.0  =stable ]
[   42.375795] cloud-init[2341]: 22  GraphicsMagick1.3        available    \
[   42.377143] cloud-init[2341]: [ =1.3.29  =1.3.32  =1.3.34  =stable ]
[   42.378427] cloud-init[2341]: 25  testing                  available    [ =1.0  =stable ]
[   42.379984] cloud-init[2341]: 26  ecs                      available    [ =stable ]
[   42.381596] cloud-init[2341]: 27  corretto8                available    \
[   42.382952] cloud-init[2341]: [ =1.8.0_192  =1.8.0_202  =1.8.0_212  =1.8.0_222  =1.8.0_232
[   42.385782] cloud-init[2341]: =1.8.0_242  =stable ]
[   42.386851] cloud-init[2341]: 32  lustre2.10               available    \
[   42.388218] cloud-init[2341]: [ =2.10.5  =2.10.8  =stable ]
[   42.389365] cloud-init[2341]: 34  lynis                    available    [ =stable ]
[   42.390871] cloud-init[2341]: 36  BCC                      available    [ =0.x  =stable ]
[   42.392699] cloud-init[2341]: 37  mono                     available    [ =5.x  =stable ]
[   42.394275] cloud-init[2341]: 38  nginx1=latest            enabled      [ =stable ]
[   42.395766] cloud-init[2341]: 40  mock                     available    [ =stable ]
[   42.397276] cloud-init[2341]: 43  livepatch                available    [ =stable ]
[   42.398748] cloud-init[2341]: 45  haproxy2                 available    [ =stable ]
[   42.400211] cloud-init[2341]: 46  collectd                 available    [ =stable ]
[   42.401715] cloud-init[2341]: 47  aws-nitro-enclaves-cli   available    [ =stable ]
[   42.403234] cloud-init[2341]: 48  R4                       available    [ =stable ]
[   42.406049] cloud-init[2341]: 49  kernel-5.4               available    [ =stable ]
[   42.407559] cloud-init[2341]: 50  selinux-ng               available    [ =stable ]
[   42.409085] cloud-init[2341]: 52  tomcat9                  available    [ =stable ]
[   42.410598] cloud-init[2341]: 55  kernel-5.10              available    [ =stable ]
[   42.412118] cloud-init[2341]: 56  redis6                   available    [ =stable ]
[   42.413603] cloud-init[2341]: 59 postgresql13             available    [ =stable ]
[   42.415102] cloud-init[2341]: 60  mock2                    available    [ =stable ]
[   42.416602] cloud-init[2341]: 62  kernel-5.15              available    [ =stable ]
[   42.418309] cloud-init[2341]: 63  postgresql14             available    [ =stable ]
[   42.419782] cloud-init[2341]: 64  firefox                  available    [ =stable ]
[   42.421283] cloud-init[2341]: 65  lustre                   available    [ =stable ]
[   42.422789] cloud-init[2341]: 66 php8.1                   available    [ =stable ]
[   42.424317] cloud-init[2341]: 67  awscli1                  available    [ =stable ]
[   42.425792] cloud-init[2341]: 68  php8.2                   available    [ =stable ]
[   42.427279] cloud-init[2341]: 69  dnsmasq                  available    [ =stable ]
[   42.428819] cloud-init[2341]: 70  unbound1.17              available    [ =stable ]
[   42.430348] cloud-init[2341]: 72  collectd-python3         available    [ =stable ]
[   42.431819] cloud-init[2341]:  Note on end-of-support. Use 'info' subcommand.
[   42.481968] cloud-init[2341]: Created symlink from /etc/systemd/system/multi-user.target.wants/nginx.service to /usr/lib/systemd/system/nginx.service.
ci-info: +++++++++Authorized keys from /home/ec2-user/.ssh/authorized_keys for user ec2-user+++++++++
ci-info: +---------+-------------------------------------------------+---------+--------------------+
ci-info: | Keytype |                Fingerprint (md5)                | Options |      Comment       |
ci-info: +---------+-------------------------------------------------+---------+--------------------+
[   42.594706] cloud-init[2341]: TPE Application deployment complete!
ci-info: | ssh-rsa | 84:19:1b:17:ae:5e:5c:c9:71:58:fb:8d:89:87:d3:ec |    -    | tpe-production-key |
ci-info: +---------+-------------------------------------------------+---------+--------------------+
<14>Aug 23 19:49:25 ec2: 
<14>Aug 23 19:49:25 ec2: #############################################################
<14>Aug 23 19:49:25 ec2: -----BEGIN SSH HOST KEY FINGERPRINTS-----
<14>Aug 23 19:49:25 ec2: 256 SHA256:QGSFo8CWxFjXsbIqz/PiPpkE5ZgOoHZ16jKdrRX/50g no comment (ECDSA)
<14>Aug 23 19:49:25 ec2: 256 SHA256:QY8H4VBCbTqPQKjmklgS3Ykztje9nhpbk+5ya6HmEAw no comment (ED25519)
<14>Aug 23 19:49:25 ec2: 2048 SHA256:fu4+Q8eU08YgUuQA388Ga8x46wo404O/r0hhJluoEwk no comment (RSA)
<14>Aug 23 19:49:25 ec2: -----END SSH HOST KEY FINGERPRINTS-----
<14>Aug 23 19:49:25 ec2: #############################################################
-----BEGIN SSH HOST KEY KEYS-----
ecdsa-sha2-nistp256 AAAAE2VjZHNhLXNoYTItbmlzdHAyNTYAAAAIbmlzdHAyNTYAAABBBC6RggFQFbNKx2Hr27pl8ixgGMxFNMiHQZz346njsINn3m/59SNFZm4kyECcTqSEuhzDdfYxfAzqVZiI9E44APE= 
ssh-ed25519 AAAAC3NzaC1lZDI1NTE5AAAAINgOtKhc1GLQgZSj3yj5MKqFSQL1clKtzDNbhqUoZX+q 
ssh-rsa AAAAB3NzaC1yc2EAAAADAQABAAABAQC80N+uw27ceKoGohXowxnRy9zFMSRoa7qedAp2RcotKl50P+fsBWzRnzwULOjKufNsEHynI0MgQC2TKxi6rmv6k9yuMFXUEbONFNK2ktUS6/dziesvlxYnyD2sB263uxkl7hkwyFl1HhKsZom71ATmUudMYpOqBVKAC0W38OcYmg1SDcKh3ilU/5bdbL8sbTVpV2IQfHB7EacEQFM5mnKvwVkvFJdoHEDQSqJUy8KYW1b096SFtbKzY+q/45+KSSF5maEBSwsL/ohZnuF3kTjeHIVVi/NrlLfTPrTVm5L470ZUKMX+a+zH3EjbDIICxVm1bDuzonT+BwRfk06TUAvj 
-----END SSH HOST KEY KEYS-----
[   42.657132] cloud-init[2341]: Cloud-init v. 19.3-46.amzn2.0.6 finished at Sat, 23 Aug 2025 19:49:25 +0000. Datasource DataSourceEc2.  Up 42.65 seconds
	2025-08-23T19:57:28+00:00
